To honour the JVM settings for this build a single-use Daemon process will be forked. For more on this, please refer to https://docs.gradle.org/8.13/userguide/gradle_daemon.html#sec:disabling_the_daemon in the Gradle documentation.
Daemon will be stopped at the end of the build 
Warning: SDK processing. This version only understands SDK XML versions up to 3 but an SDK XML file of version 4 was encountered. This can happen if you use versions of Android Studio and the command-line tools that were released at different times.
> Task :app:checkKotlinGradlePluginConfigurationErrors SKIPPED
> Task :app:preBuild UP-TO-DATE
> Task :app:preDebugBuild UP-TO-DATE
> Task :app:generateDebugBuildConfig UP-TO-DATE
> Task :app:checkDebugAarMetadata UP-TO-DATE
> Task :app:processDebugNavigationResources UP-TO-DATE
> Task :app:compileDebugNavigationResources UP-TO-DATE
> Task :app:generateDebugResValues UP-TO-DATE
> Task :app:mapDebugSourceSetPaths UP-TO-DATE
> Task :app:generateDebugResources UP-TO-DATE
> Task :app:mergeDebugResources UP-TO-DATE
> Task :app:packageDebugResources UP-TO-DATE
> Task :app:parseDebugLocalResources UP-TO-DATE
> Task :app:createDebugCompatibleScreenManifests UP-TO-DATE
> Task :app:extractDeepLinksDebug UP-TO-DATE
> Task :app:processDebugMainManifest UP-TO-DATE
> Task :app:processDebugManifest UP-TO-DATE
> Task :app:processDebugManifestForPackage UP-TO-DATE
> Task :app:processDebugResources UP-TO-DATE
> Task :app:javaPreCompileDebug UP-TO-DATE
> Task :app:preDebugUnitTestBuild UP-TO-DATE
> Task :app:javaPreCompileDebugUnitTest UP-TO-DATE
> Task :app:compileDebugKotlin
> Task :app:compileDebugJavaWithJavac UP-TO-DATE
> Task :app:bundleDebugClassesToRuntimeJar
> Task :app:bundleDebugClassesToCompileJar
> Task :app:processDebugJavaRes UP-TO-DATE

> Task :app:compileDebugUnitTestKotlin FAILED
e: file:///home/pdd/nckh27pa/android/app/src/test/java/vn/nckh27pa/fallsafe/api/OutboxTests.kt:8:25 Unresolved reference 'SyncStore'.
e: file:///home/pdd/nckh27pa/android/app/src/test/java/vn/nckh27pa/fallsafe/api/OutboxTests.kt:10:5 'read' overrides nothing.
e: file:///home/pdd/nckh27pa/android/app/src/test/java/vn/nckh27pa/fallsafe/api/OutboxTests.kt:11:5 'write' overrides nothing.
e: file:///home/pdd/nckh27pa/android/app/src/test/java/vn/nckh27pa/fallsafe/api/OutboxTests.kt:17:22 Unresolved reference 'SyncOutbox'.
e: file:///home/pdd/nckh27pa/android/app/src/test/java/vn/nckh27pa/fallsafe/api/OutboxTests.kt:18:22 Unresolved reference 'TransitionSync'.
e: file:///home/pdd/nckh27pa/android/app/src/test/java/vn/nckh27pa/fallsafe/api/OutboxTests.kt:22:23 Unresolved reference 'SyncOutbox'.
e: file:///home/pdd/nckh27pa/android/app/src/test/java/vn/nckh27pa/fallsafe/api/OutboxTests.kt:23:97 Unresolved reference 'it'.
e: file:///home/pdd/nckh27pa/android/app/src/test/java/vn/nckh27pa/fallsafe/api/OutboxTests.kt:24:44 Unresolved reference 'event'.
e: file:///home/pdd/nckh27pa/android/app/src/test/java/vn/nckh27pa/fallsafe/api/OutboxTests.kt:24:52 Unresolved reference 'eventId'.
e: file:///home/pdd/nckh27pa/android/app/src/test/java/vn/nckh27pa/fallsafe/api/OutboxTests.kt:25:9 Unresolved reference 'TransitionSync'.
e: file:///home/pdd/nckh27pa/android/app/src/test/java/vn/nckh27pa/fallsafe/api/OutboxTests.kt:27:34 Unresolved reference 'SyncOperation'.
e: file:///home/pdd/nckh27pa/android/app/src/test/java/vn/nckh27pa/fallsafe/api/OutboxTests.kt:28:39 Unresolved reference 'it'.
e: file:///home/pdd/nckh27pa/android/app/src/test/java/vn/nckh27pa/fallsafe/api/OutboxTests.kt:29:78 Cannot infer type for this parameter. Specify it explicitly.
e: file:///home/pdd/nckh27pa/android/app/src/test/java/vn/nckh27pa/fallsafe/api/OutboxTests.kt:29:78 Not enough information to infer type argument for 'T'.
e: file:///home/pdd/nckh27pa/android/app/src/test/java/vn/nckh27pa/fallsafe/api/OutboxTests.kt:29:78 Not enough information to infer type argument for 'R'.
e: file:///home/pdd/nckh27pa/android/app/src/test/java/vn/nckh27pa/fallsafe/api/OutboxTests.kt:29:82 Cannot infer type for this parameter. Specify it explicitly.
e: file:///home/pdd/nckh27pa/android/app/src/test/java/vn/nckh27pa/fallsafe/api/OutboxTests.kt:29:87 Unresolved reference 'kind'.
e: file:///home/pdd/nckh27pa/android/app/src/test/java/vn/nckh27pa/fallsafe/api/OutboxTests.kt:30:34 Unresolved reference 'action'.
e: file:///home/pdd/nckh27pa/android/app/src/test/java/vn/nckh27pa/fallsafe/api/OutboxTests.kt:30:43 Unresolved reference 'eventId'.
e: file:///home/pdd/nckh27pa/android/app/src/test/java/vn/nckh27pa/fallsafe/api/OutboxTests.kt:31:20 Unresolved reference 'SyncOutbox'.
e: file:///home/pdd/nckh27pa/android/app/src/test/java/vn/nckh27pa/fallsafe/api/OutboxTests.kt:32:20 Unresolved reference 'SyncOutbox'.
e: file:///home/pdd/nckh27pa/android/app/src/test/java/vn/nckh27pa/fallsafe/api/OutboxTests.kt:33:9 Unresolved reference 'TransitionSync'.
e: file:///home/pdd/nckh27pa/android/app/src/test/java/vn/nckh27pa/fallsafe/api/OutboxTests.kt:34:53 Unresolved reference 'event'.
e: file:///home/pdd/nckh27pa/android/app/src/test/java/vn/nckh27pa/fallsafe/api/OutboxTests.kt:34:61 Unresolved reference 'eventId'.
e: file:///home/pdd/nckh27pa/android/app/src/test/java/vn/nckh27pa/fallsafe/api/OutboxTests.kt:37:22 Unresolved reference 'SyncOutbox'.
e: file:///home/pdd/nckh27pa/android/app/src/test/java/vn/nckh27pa/fallsafe/api/OutboxTests.kt:38:22 Unresolved reference 'TransitionSync'.
e: file:///home/pdd/nckh27pa/android/app/src/test/java/vn/nckh27pa/fallsafe/api/OutboxTests.kt:47:45 Unresolved reference 'nextAttemptMs'.
e: file:///home/pdd/nckh27pa/android/app/src/test/java/vn/nckh27pa/fallsafe/api/OutboxTests.kt:50:22 Unresolved reference 'SyncOutbox'.
e: file:///home/pdd/nckh27pa/android/app/src/test/java/vn/nckh27pa/fallsafe/api/OutboxTests.kt:51:22 Unresolved reference 'TransitionSync'.
e: file:///home/pdd/nckh27pa/android/app/src/test/java/vn/nckh27pa/fallsafe/api/OutboxTests.kt:58:101 Unresolved reference 'it'.
e: file:///home/pdd/nckh27pa/android/app/src/test/java/vn/nckh27pa/fallsafe/api/OutboxTests.kt:59:43 Cannot infer type for this parameter. Specify it explicitly.
e: file:///home/pdd/nckh27pa/android/app/src/test/java/vn/nckh27pa/fallsafe/api/OutboxTests.kt:59:50 Unresolved reference 'action'.
e: file:///home/pdd/nckh27pa/android/app/src/test/java/vn/nckh27pa/fallsafe/api/OutboxTests.kt:59:59 Unresolved reference 'triggerSource'.
e: file:///home/pdd/nckh27pa/android/app/src/test/java/vn/nckh27pa/fallsafe/api/OutboxTests.kt:60:43 Cannot infer type for this parameter. Specify it explicitly.
e: file:///home/pdd/nckh27pa/android/app/src/test/java/vn/nckh27pa/fallsafe/api/OutboxTests.kt:60:50 Unresolved reference 'action'.
e: file:///home/pdd/nckh27pa/android/app/src/test/java/vn/nckh27pa/fallsafe/api/OutboxTests.kt:60:59 Unresolved reference 'triggerSource'.
e: file:///home/pdd/nckh27pa/android/app/src/test/java/vn/nckh27pa/fallsafe/api/OutboxTests.kt:61:37 Cannot infer type for this parameter. Specify it explicitly.
e: file:///home/pdd/nckh27pa/android/app/src/test/java/vn/nckh27pa/fallsafe/api/OutboxTests.kt:61:44 Unresolved reference 'action'.
e: file:///home/pdd/nckh27pa/android/app/src/test/java/vn/nckh27pa/fallsafe/api/OutboxTests.kt:61:53 Unresolved reference 'response'.
e: file:///home/pdd/nckh27pa/android/app/src/test/java/vn/nckh27pa/fallsafe/api/OutboxTests.kt:64:30 Unresolved reference 'SyncStore'.
e: file:///home/pdd/nckh27pa/android/app/src/test/java/vn/nckh27pa/fallsafe/api/OutboxTests.kt:64:42 'read' overrides nothing.
e: file:///home/pdd/nckh27pa/android/app/src/test/java/vn/nckh27pa/fallsafe/api/OutboxTests.kt:64:79 'write' overrides nothing.
e: file:///home/pdd/nckh27pa/android/app/src/test/java/vn/nckh27pa/fallsafe/api/OutboxTests.kt:65:22 Unresolved reference 'SyncOutbox'.
e: file:///home/pdd/nckh27pa/android/app/src/test/java/vn/nckh27pa/fallsafe/api/OutboxTests.kt:66:9 Unresolved reference 'TransitionSync'.

FAILURE: Build failed with an exception.

* What went wrong:
Execution failed for task ':app:compileDebugUnitTestKotlin'.
> A failure occurred while executing org.jetbrains.kotlin.compilerRunner.GradleCompilerRunnerWithWorkers$GradleKotlinCompilerWorkAction
   > Compilation error. See log for more details

* Try:
> Run with --stacktrace option to get the stack trace.
> Run with --info or --debug option to get more log output.
> Run with --scan to get full insights.
> Get more help at https://help.gradle.org.

BUILD FAILED in 14s
24 actionable tasks: 4 executed, 20 up-to-date
