To honour the JVM settings for this build a single-use Daemon process will be forked. For more on this, please refer to https://docs.gradle.org/8.13/userguide/gradle_daemon.html#sec:disabling_the_daemon in the Gradle documentation.
Daemon will be stopped at the end of the build 
Warning: SDK processing. This version only understands SDK XML versions up to 3 but an SDK XML file of version 4 was encountered. This can happen if you use versions of Android Studio and the command-line tools that were released at different times.
> Task :app:checkKotlinGradlePluginConfigurationErrors SKIPPED
> Task :app:preBuild UP-TO-DATE
> Task :app:preDebugBuild UP-TO-DATE
> Task :app:checkDebugAarMetadata UP-TO-DATE
> Task :app:processDebugNavigationResources UP-TO-DATE
> Task :app:compileDebugNavigationResources UP-TO-DATE
> Task :app:generateDebugResValues UP-TO-DATE
> Task :app:mapDebugSourceSetPaths UP-TO-DATE
> Task :app:generateDebugResources UP-TO-DATE
> Task :app:mergeDebugResources UP-TO-DATE
> Task :app:packageDebugResources UP-TO-DATE
> Task :app:parseDebugLocalResources UP-TO-DATE
> Task :app:createDebugCompatibleScreenManifests UP-TO-DATE
> Task :app:extractDeepLinksDebug UP-TO-DATE
> Task :app:processDebugMainManifest UP-TO-DATE
> Task :app:processDebugManifest UP-TO-DATE
> Task :app:processDebugManifestForPackage UP-TO-DATE
> Task :app:processDebugResources UP-TO-DATE
> Task :app:compileDebugKotlin UP-TO-DATE
> Task :app:javaPreCompileDebug UP-TO-DATE
> Task :app:compileDebugJavaWithJavac NO-SOURCE
> Task :app:bundleDebugClassesToRuntimeJar UP-TO-DATE
> Task :app:bundleDebugClassesToCompileJar UP-TO-DATE
> Task :app:preDebugUnitTestBuild UP-TO-DATE
> Task :app:javaPreCompileDebugUnitTest UP-TO-DATE
> Task :app:processDebugJavaRes UP-TO-DATE

> Task :app:compileDebugUnitTestKotlin FAILED
e: file:///home/pdd/nckh27pa/android/app/src/test/java/vn/nckh27pa/fallsafe/api/ApiTests.kt:4:8 Unresolved reference 'okhttp3'.
e: file:///home/pdd/nckh27pa/android/app/src/test/java/vn/nckh27pa/fallsafe/api/ApiTests.kt:5:8 Unresolved reference 'okhttp3'.
e: file:///home/pdd/nckh27pa/android/app/src/test/java/vn/nckh27pa/fallsafe/api/ApiTests.kt:8:29 Unresolved reference 'BuildConfig'.
e: file:///home/pdd/nckh27pa/android/app/src/test/java/vn/nckh27pa/fallsafe/api/ApiTests.kt:12:55 Unresolved reference 'ApiConfig'.
e: file:///home/pdd/nckh27pa/android/app/src/test/java/vn/nckh27pa/fallsafe/api/ApiTests.kt:13:17 Unresolved reference 'ApiConfig'.
e: file:///home/pdd/nckh27pa/android/app/src/test/java/vn/nckh27pa/fallsafe/api/ApiTests.kt:14:22 Unresolved reference 'BuildConfig'.
e: file:///home/pdd/nckh27pa/android/app/src/test/java/vn/nckh27pa/fallsafe/api/ApiTests.kt:15:22 Unresolved reference 'BuildConfig'.
e: file:///home/pdd/nckh27pa/android/app/src/test/java/vn/nckh27pa/fallsafe/api/ApiTests.kt:16:22 Unresolved reference 'BuildConfig'.
e: file:///home/pdd/nckh27pa/android/app/src/test/java/vn/nckh27pa/fallsafe/api/ApiTests.kt:18:56 Cannot infer type for this parameter. Specify it explicitly.
e: file:///home/pdd/nckh27pa/android/app/src/test/java/vn/nckh27pa/fallsafe/api/ApiTests.kt:18:56 Not enough information to infer type argument for 'T'.
e: file:///home/pdd/nckh27pa/android/app/src/test/java/vn/nckh27pa/fallsafe/api/ApiTests.kt:19:22 Unresolved reference 'MockWebServer'.
e: file:///home/pdd/nckh27pa/android/app/src/test/java/vn/nckh27pa/fallsafe/api/ApiTests.kt:20:22 Unresolved reference 'ApiClient'.
e: file:///home/pdd/nckh27pa/android/app/src/test/java/vn/nckh27pa/fallsafe/api/ApiTests.kt:20:32 Unresolved reference 'ApiConfig'.
e: file:///home/pdd/nckh27pa/android/app/src/test/java/vn/nckh27pa/fallsafe/api/ApiTests.kt:21:9 Not enough information to infer type argument for 'K'.
e: file:///home/pdd/nckh27pa/android/app/src/test/java/vn/nckh27pa/fallsafe/api/ApiTests.kt:22:24 Unresolved reference 'ApiRepository'.
e: file:///home/pdd/nckh27pa/android/app/src/test/java/vn/nckh27pa/fallsafe/api/ApiTests.kt:23:28 Unresolved reference 'MockResponse'.
e: file:///home/pdd/nckh27pa/android/app/src/test/java/vn/nckh27pa/fallsafe/api/ApiTests.kt:24:49 Unresolved reference 'ApiResult'.
e: file:///home/pdd/nckh27pa/android/app/src/test/java/vn/nckh27pa/fallsafe/api/ApiTests.kt:28:28 Unresolved reference 'MockResponse'.
e: file:///home/pdd/nckh27pa/android/app/src/test/java/vn/nckh27pa/fallsafe/api/ApiTests.kt:29:26 Unresolved reference 'ErrorKind'.
e: file:///home/pdd/nckh27pa/android/app/src/test/java/vn/nckh27pa/fallsafe/api/ApiTests.kt:29:72 Unresolved reference 'ApiResult'.
e: file:///home/pdd/nckh27pa/android/app/src/test/java/vn/nckh27pa/fallsafe/api/ApiTests.kt:29:91 Unresolved reference 'kind'.
e: file:///home/pdd/nckh27pa/android/app/src/test/java/vn/nckh27pa/fallsafe/api/ApiTests.kt:30:28 Unresolved reference 'MockResponse'.
e: file:///home/pdd/nckh27pa/android/app/src/test/java/vn/nckh27pa/fallsafe/api/ApiTests.kt:31:26 Unresolved reference 'ErrorKind'.
e: file:///home/pdd/nckh27pa/android/app/src/test/java/vn/nckh27pa/fallsafe/api/ApiTests.kt:31:73 Unresolved reference 'ApiResult'.
e: file:///home/pdd/nckh27pa/android/app/src/test/java/vn/nckh27pa/fallsafe/api/ApiTests.kt:31:92 Unresolved reference 'kind'.
e: file:///home/pdd/nckh27pa/android/app/src/test/java/vn/nckh27pa/fallsafe/api/ApiTests.kt:32:28 Unresolved reference 'MockResponse'.
e: file:///home/pdd/nckh27pa/android/app/src/test/java/vn/nckh27pa/fallsafe/api/ApiTests.kt:33:26 Unresolved reference 'ErrorKind'.
e: file:///home/pdd/nckh27pa/android/app/src/test/java/vn/nckh27pa/fallsafe/api/ApiTests.kt:33:73 Unresolved reference 'ApiResult'.
e: file:///home/pdd/nckh27pa/android/app/src/test/java/vn/nckh27pa/fallsafe/api/ApiTests.kt:33:92 Unresolved reference 'kind'.
e: file:///home/pdd/nckh27pa/android/app/src/test/java/vn/nckh27pa/fallsafe/api/ApiTests.kt:36:56 Cannot infer type for this parameter. Specify it explicitly.
e: file:///home/pdd/nckh27pa/android/app/src/test/java/vn/nckh27pa/fallsafe/api/ApiTests.kt:36:56 Not enough information to infer type argument for 'T'.
e: file:///home/pdd/nckh27pa/android/app/src/test/java/vn/nckh27pa/fallsafe/api/ApiTests.kt:37:22 Unresolved reference 'MockWebServer'.
e: file:///home/pdd/nckh27pa/android/app/src/test/java/vn/nckh27pa/fallsafe/api/ApiTests.kt:38:22 Unresolved reference 'ApiConfig'.
e: file:///home/pdd/nckh27pa/android/app/src/test/java/vn/nckh27pa/fallsafe/api/ApiTests.kt:39:22 Unresolved reference 'ApiClient'.
e: file:///home/pdd/nckh27pa/android/app/src/test/java/vn/nckh27pa/fallsafe/api/ApiTests.kt:40:9 Not enough information to infer type argument for 'K'.
e: file:///home/pdd/nckh27pa/android/app/src/test/java/vn/nckh27pa/fallsafe/api/ApiTests.kt:41:28 Unresolved reference 'MockResponse'.
e: file:///home/pdd/nckh27pa/android/app/src/test/java/vn/nckh27pa/fallsafe/api/ApiTests.kt:41:59 Unresolved reference 'okhttp3'.
e: file:///home/pdd/nckh27pa/android/app/src/test/java/vn/nckh27pa/fallsafe/api/ApiTests.kt:42:26 Unresolved reference 'ErrorKind'.
e: file:///home/pdd/nckh27pa/android/app/src/test/java/vn/nckh27pa/fallsafe/api/ApiTests.kt:42:46 Unresolved reference 'ApiRepository'.
e: file:///home/pdd/nckh27pa/android/app/src/test/java/vn/nckh27pa/fallsafe/api/ApiTests.kt:42:96 Unresolved reference 'ApiResult'.
e: file:///home/pdd/nckh27pa/android/app/src/test/java/vn/nckh27pa/fallsafe/api/ApiTests.kt:42:115 Unresolved reference 'kind'.
e: file:///home/pdd/nckh27pa/android/app/src/test/java/vn/nckh27pa/fallsafe/api/ApiTests.kt:44:26 Unresolved reference 'ErrorKind'.
e: file:///home/pdd/nckh27pa/android/app/src/test/java/vn/nckh27pa/fallsafe/api/ApiTests.kt:44:46 Unresolved reference 'ApiRepository'.
e: file:///home/pdd/nckh27pa/android/app/src/test/java/vn/nckh27pa/fallsafe/api/ApiTests.kt:44:96 Unresolved reference 'ApiResult'.
e: file:///home/pdd/nckh27pa/android/app/src/test/java/vn/nckh27pa/fallsafe/api/ApiTests.kt:44:115 Unresolved reference 'kind'.

FAILURE: Build failed with an exception.

* What went wrong:
Execution failed for task ':app:compileDebugUnitTestKotlin'.
> A failure occurred while executing org.jetbrains.kotlin.compilerRunner.GradleCompilerRunnerWithWorkers$GradleKotlinCompilerWorkAction
   > Compilation error. See log for more details

* Try:
> Run with --stacktrace option to get the stack trace.
> Run with --info or --debug option to get more log output.
> Run with --scan to get full insights.
> Get more help at https://help.gradle.org.

BUILD FAILED in 12s
22 actionable tasks: 1 executed, 21 up-to-date
